收藏失败